[backblue.gif]
[fade.gif]
[index.html]
[redteamux.com/avant/index.html]
[www.google-analytics.com/analytics.js]
[redteamux.com/avant/assets/css/styles.mincce7.css]
[redteamux.com/avant/assets/demo/avatar/dangerfield.png]
[redteamux.com/avant/assets/demo/avatar/doyle.png]
[redteamux.com/avant/assets/demo/avatar/paton.png]
[redteamux.com/avant/assets/demo/avatar/tennant.png]
[fonts.googleapis.com/css28a2.css]
[redteamux.com/avant/assets/demo/variations/default.css]
[redteamux.com/avant/assets/demo/avatar/corbett.png]
[redteamux.com/avant/assets/plugins/form-daterangepicker/daterangepicker-bs3.css]
[redteamux.com/avant/assets/plugins/fullcalendar/fullcalendar.css]
[redteamux.com/avant/assets/plugins/form-markdown/css/bootstrap-markdown.min.css]
[redteamux.com/avant/assets/plugins/codeprettifier/prettify.css]
[redteamux.com/avant/assets/plugins/form-toggle/toggles.css]
[redteamux.com/avant/header-black.html]
[redteamux.com/avant/default.html]
[redteamux.com/avant/header-blue.html]
[redteamux.com/avant/sidebar-steel.html]
[redteamux.com/avant/sidebar-green.html]
[redteamux.com/avant/layout-grid.html]
[redteamux.com/avant/layout-horizontal.html]
[redteamux.com/avant/layout-horizontal2.html]
[redteamux.com/avant/layout-fixed.html]
[redteamux.com/avant/ui-buttons.html]
[redteamux.com/avant/tables-basic.html]
[redteamux.com/avant/assets/demo/avatar/potter.png]
[redteamux.com/avant/assets/demo/avatar/johansson.png]
[redteamux.com/avant/assets/demo/avatar/jackson.png]
[redteamux.com/avant/assets/demo/avatar/jobs.png]
[redteamux.com/avant/assets/demo/avatar/aniss.png]
[redteamux.com/avant/assets/demo/avatar/watson.png]
[redteamux.com/avant/assets/js/jquery-1.10.2.min.js]
[redteamux.com/avant/assets/js/bootstrap.min.js]
[redteamux.com/avant/assets/js/jqueryui-1.10.3.min.js]
[redteamux.com/avant/assets/js/enquire.js]
[redteamux.com/avant/assets/js/jquery.cookie.js]
[redteamux.com/avant/assets/js/jquery.nicescroll.min.js]
[redteamux.com/avant/assets/plugins/codeprettifier/prettify.js]
[redteamux.com/avant/assets/plugins/easypiechart/jquery.easypiechart.min.js]
[redteamux.com/avant/assets/plugins/sparklines/jquery.sparklines.min.js]
[redteamux.com/avant/assets/plugins/form-toggle/toggle.min.js]
[redteamux.com/avant/assets/plugins/fullcalendar/fullcalendar.min.js]
[redteamux.com/avant/assets/plugins/form-daterangepicker/daterangepicker.min.js]
[redteamux.com/avant/assets/plugins/form-daterangepicker/moment.min.js]
[redteamux.com/avant/assets/plugins/charts-flot/jquery.flot.min.js]
[redteamux.com/avant/assets/plugins/charts-flot/jquery.flot.resize.min.js]
[redteamux.com/avant/assets/plugins/charts-flot/jquery.flot.orderBars.min.js]
[redteamux.com/avant/assets/plugins/pulsate/jQuery.pulsate.min.js]
[redteamux.com/avant/assets/demo/demo-index.js]
[redteamux.com/avant/assets/js/placeholdr.js]
[redteamux.com/avant/assets/js/application.js]
[redteamux.com/avant/assets/demo/demo.js]
[redteamux.com/avant/assets/fonts/font-awesome/fonts/fontawesome-webfontba72.eot]
[redteamux.com/avant/assets/fonts/font-awesome/fonts/fontawesome-webfontd41d.eot]
[redteamux.com/avant/assets/fonts/font-awesome/fonts/fontawesome-webfontba72.woff]
[redteamux.com/avant/assets/fonts/font-awesome/fonts/fontawesome-webfontba72.ttf]
[redteamux.com/avant/assets/img/logo.png]
[redteamux.com/avant/ui-panels.html]
[redteamux.com/avant/ui-tiles.html]
[redteamux.com/avant/ui-modals.html]
[redteamux.com/avant/assets/demo/demo-modals.js]
[redteamux.com/avant/assets/plugins/bootbox/bootbox.min.js]
[redteamux.com/avant/assets/demo/images/arch_fountain.jpg]
[redteamux.com/avant/ui-progressbars.html]
[redteamux.com/avant/ui-breadcrumbs.html]
[redteamux.com/avant/ui-alerts.html]
[redteamux.com/avant/assets/plugins/pines-notify/jquery.pnotify.min.js]
[redteamux.com/avant/ui-tabs.html]
[redteamux.com/avant/ui-carousel.html]
[redteamux.com/avant/assets/demo/images/ind_demolition.jpg]
[redteamux.com/avant/assets/demo/images/nature_river.jpg]
[redteamux.com/avant/ui-nestable.html]
[redteamux.com/avant/assets/demo/demo-nestable.min.js]
[redteamux.com/avant/ui-tour.html]
[redteamux.com/avant/assets/plugins/bootstro.js/bootstro.min.js]
[redteamux.com/avant/tables-data.html]
[redteamux.com/avant/assets/demo/demo-tour.js]
[redteamux.com/avant/assets/plugins/datatables/dataTables.bootstrap.js]
[redteamux.com/avant/assets/demo/demo-datatables.js]
[redteamux.com/avant/tables-editable.html]
[redteamux.com/avant/assets/plugins/datatables/TableTools.js]
[redteamux.com/avant/assets/plugins/jquery-editable/jquery.editable.min.js]
[redteamux.com/avant/assets/plugins/datatables/dataTables.editor.bootstrap.js]
[redteamux.com/avant/assets/demo/demo-tableeditable.js]
[redteamux.com/avant/form-validation.html]
[redteamux.com/avant/assets/plugins/form-parsley/parsley.min.js]
[redteamux.com/avant/assets/demo/demo-formvalidation.js]
[redteamux.com/avant/form-masks.html]
[redteamux.com/avant/assets/plugins/form-inputmask/jquery.inputmask.bundle.min.js]
[redteamux.com/avant/assets/demo/demo-mask.js]
[redteamux.com/avant/form-dropzone.html]
[redteamux.com/avant/assets/plugins/dropzone/dropzone.min.js]
[redteamux.com/avant/form-xeditable.html]
[redteamux.com/avant/assets/plugins/form-xeditable/bootstrap3-editable/js/bootstrap-editable.min.js]
[redteamux.com/avant/form-imagecrop.html]
[redteamux.com/avant/assets/demo/demo-xeditable.js]
[redteamux.com/avant/assets/plugins/jcrop/js/jquery.Jcrop.min.js]
[redteamux.com/avant/assets/demo/images/ind_corrosion_hazard.jpg]
[redteamux.com/avant/assets/demo/demo-imagecrop.js]
[redteamux.com/avant/maps-vector.html]
[redteamux.com/avant/assets/plugins/jqvmap/jquery.vmap.min.js]
[redteamux.com/avant/charts-flot.html]
[redteamux.com/avant/assets/plugins/jqvmap/maps/jquery.vmap.world.js]
[redteamux.com/avant/assets/plugins/jqvmap/maps/jquery.vmap.europe.js]
[redteamux.com/avant/assets/plugins/jqvmap/data/jquery.vmap.sampledata.js]
[redteamux.com/avant/assets/plugins/jqvmap/maps/jquery.vmap.usa.js]
[redteamux.com/avant/assets/demo/demos-jqvmap.js]
[redteamux.com/avant/assets/plugins/charts-flot/jquery.flot.stack.min.js]
[redteamux.com/avant/assets/plugins/charts-flot/jquery.flot.pie.min.js]
[redteamux.com/avant/assets/demo/demo-flotgraph.js]
[redteamux.com/avant/charts-svg.html]
[redteamux.com/avant/charts-inline.html]
[redteamux.com/avant/assets/plugins/charts-morrisjs/raphael.min.js]
[redteamux.com/avant/assets/demo/demo-morrisjs.js]
[redteamux.com/avant/assets/plugins/charts-morrisjs/morris.min.js]
[redteamux.com/avant/assets/demo/demo-inlinecharts.js]
[redteamux.com/avant/gallery.html]
[redteamux.com/avant/assets/demo/images/thmb_ind_rusty.jpg]
[redteamux.com/avant/assets/demo/images/ind_rusty.jpg]
[redteamux.com/avant/assets/demo/images/thmb_nature_enchantedcreek.jpg]
[redteamux.com/avant/assets/demo/images/nature_enchantedcreek.jpg]
[redteamux.com/avant/assets/demo/images/thmb_arch_building.jpg]
[redteamux.com/avant/assets/demo/images/arch_building.jpg]
[redteamux.com/avant/icons-glyphicons.html]
[redteamux.com/avant/assets/demo/images/thmb_nature_mill.jpg]
[redteamux.com/avant/assets/demo/images/nature_mill.jpg]
[redteamux.com/avant/extras-profile.html]
[redteamux.com/avant/assets/demo/images/thmb_ind_machinery.jpg]
[redteamux.com/avant/assets/demo/images/thmb_arch_fireescape.jpg]
[redteamux.com/avant/assets/demo/images/nature_mossytree.jpg]
[redteamux.com/avant/assets/demo/images/thmb_nature_mossytree.jpg]
[redteamux.com/avant/assets/demo/images/thmb_ind_demolition.jpg]
[redteamux.com/avant/assets/demo/images/thmb_arch_fountain.jpg]
[redteamux.com/avant/assets/demo/images/nature_rider.jpg]
[redteamux.com/avant/assets/demo/images/thmb_nature_rider.jpg]
[redteamux.com/avant/assets/demo/images/thmb_nature_river.jpg]
[redteamux.com/avant/extras-search.html]
[redteamux.com/avant/extras-invoice.html]
[redteamux.com/avant/assets/demo/images/thmb_ind_corrosion_hazard.jpg]
[redteamux.com/avant/assets/demo/images/nature_gardens.jpg]
[redteamux.com/avant/assets/demo/images/thmb_nature_gardens.jpg]
[redteamux.com/avant/assets/demo/images/ind_code.jpg]
[redteamux.com/avant/assets/demo/images/thmb_ind_code.jpg]
[redteamux.com/avant/assets/demo/images/nature_trees.jpg]
[redteamux.com/avant/assets/demo/images/thmb_nature_trees.jpg]
[redteamux.com/avant/extras-registration.html]
[redteamux.com/avant/assets/demo/images/nature_woodstump.jpg]
[redteamux.com/avant/extras-login.html]
[redteamux.com/avant/assets/demo/images/thmb_nature_woodstump.jpg]
[redteamux.com/avant/assets/plugins/mixitup/jquery.mixitup.min.js]
[redteamux.com/avant/assets/demo/demo-gallery-simple.js]
[redteamux.com/avant/extras-login2.html]
[redteamux.com/avant/extras-500.html]
[redteamux.com/avant/index-2.html]
[redteamux.com/avant/assets/fonts/font-awesome/fonts/fontawesome-webfontba72.svg]
[redteamux.com/avant/ui-typography.html]
[redteamux.com/avant/form-layout.html]
[redteamux.com/avant/ui-images.html]
[redteamux.com/avant/ui-paginations.html]
[redteamux.com/avant/assets/plugins/datepaginator/bootstrap-datepaginator.js]
[redteamux.com/avant/ui-labelsbadges.html]
[redteamux.com/avant/assets/demo/demo-paginations.js]
[redteamux.com/avant/assets/plugins/pines-notify/jquery.pnotify.default.css]
[redteamux.com/avant/ui-sliders.html]
[redteamux.com/avant/assets/demo/demo-alerts.js]
[redteamux.com/avant/assets/plugins/knob/jquery.knob.min.js]
[redteamux.com/avant/assets/plugins/form-nestable/jquery.nestable.css]
[redteamux.com/avant/assets/plugins/progress-skylo/skylo.js]
[redteamux.com/avant/assets/demo/demo-slider.js]
[redteamux.com/avant/assets/plugins/form-nestable/jquery.nestable.min.js]
[redteamux.com/avant/ui-wells.html]
[redteamux.com/avant/assets/plugins/bootstro.js/bootstro.min.css]
[redteamux.com/avant/assets/plugins/datatables/dataTables.css]
[redteamux.com/avant/assets/plugins/form-nestable/app.min.js]
[redteamux.com/avant/assets/plugins/datatables/images/sort_both.png]
[redteamux.com/avant/assets/plugins/datatables/images/sort_asc.png]
[redteamux.com/avant/assets/plugins/datatables/images/sort_desc.png]
[redteamux.com/avant/tables-responsive.html]
[redteamux.com/avant/assets/plugins/datatables/images/sort_desc_disabled.png]
[redteamux.com/avant/assets/plugins/datatables/images/sort_asc_disabled.png]
[redteamux.com/avant/assets/plugins/datatables/jquery.dataTables.min.js]
[upload.wikimedia.org/wikipedia/en/thumb/9/9e/Flag_of_Japan.svg/23px-Flag_of_Japan.svg.png]
[upload.wikimedia.org/wikipedia/commons/thumb/f/fa/Flag_of_the_People's_Republic_of_China.svg/23px-Flag_of_the_People's_Republic_of_China.svg.png]
[upload.wikimedia.org/wikipedia/en/thumb/a/a4/Flag_of_the_United_States.svg/23px-Flag_of_the_United_States.svg.png]
[upload.wikimedia.org/wikipedia/en/thumb/a/ae/Flag_of_the_United_Kingdom.svg/23px-Flag_of_the_United_Kingdom.svg.png]
[upload.wikimedia.org/wikipedia/en/thumb/b/ba/Flag_of_Germany.svg/23px-Flag_of_Germany.svg.png]
[upload.wikimedia.org/wikipedia/en/thumb/0/03/Flag_of_Italy.svg/23px-Flag_of_Italy.svg.png]
[redteamux.com/avant/form-components.html]
[upload.wikimedia.org/wikipedia/en/thumb/4/41/Flag_of_India.svg/23px-Flag_of_India.svg.png]
[upload.wikimedia.org/wikipedia/en/thumb/c/c3/Flag_of_France.svg/23px-Flag_of_France.svg.png]
[upload.wikimedia.org/wikipedia/en/thumb/0/05/Flag_of_Brazil.svg/22px-Flag_of_Brazil.svg.png]
[upload.wikimedia.org/wikipedia/en/thumb/9/9a/Flag_of_Spain.svg/23px-Flag_of_Spain.svg.png]
[redteamux.com/avant/assets/plugins/datatables/dataTables.editor.js]
[upload.wikimedia.org/wikipedia/en/thumb/c/cf/Flag_of_Canada.svg/23px-Flag_of_Canada.svg.png]
[redteamux.com/avant/form-wizard.html]
[redteamux.com/avant/assets/plugins/form-multiselect/js/jquery.multi-select.min.js]
[redteamux.com/avant/assets/plugins/quicksearch/jquery.quicksearch.min.js]
[redteamux.com/avant/assets/plugins/form-select2/select2.min.js]
[redteamux.com/avant/assets/plugins/form-typeahead/typeahead.min.js]
[redteamux.com/avant/form-fileupload.html]
[redteamux.com/avant/assets/plugins/form-autosize/jquery.autosize-min.js]
[redteamux.com/avant/assets/plugins/form-xeditable/bootstrap3-editable/css/bootstrap-editable.css]
[redteamux.com/avant/assets/plugins/jqueryui-timepicker/jquery.ui.timepicker.min.js]
[redteamux.com/avant/assets/plugins/form-colorpicker/js/bootstrap-colorpicker.min.js]
[redteamux.com/avant/assets/plugins/form-fseditor/jquery.fseditor-min.js]
[redteamux.com/avant/assets/plugins/form-jasnyupload/fileinput.min.js]
[redteamux.com/avant/assets/plugins/jcrop/css/jquery.Jcrop.min.css]
[redteamux.com/avant/assets/plugins/charts-morrisjs/morris.css]
[redteamux.com/avant/assets/plugins/form-tokenfield/bootstrap-tokenfield.min.js]
[redteamux.com/avant/assets/demo/demo-formcomponents.js]
[redteamux.com/avant/assets/plugins/form-validation/jquery.validate.min.js]
[redteamux.com/avant/assets/plugins/form-stepy/jquery.stepy.js]
[redteamux.com/avant/assets/demo/demo-formwizard.js]
[redteamux.com/avant/assets/plugins/jquery-fileupload/js/vendor/jquery.ui.widget.js]
[redteamux.com/avant/assets/plugins/jquery-fileupload/js/tmpl.min.js]
[redteamux.com/avant/assets/plugins/jquery-fileupload/js/load-image.min.js]
[redteamux.com/avant/assets/plugins/jquery-fileupload/js/canvas-to-blob.min.js]
[redteamux.com/avant/charts-canvas.html]
[redteamux.com/avant/assets/plugins/jquery-fileupload/js/jquery.blueimp-gallery.min.js]
[redteamux.com/avant/assets/plugins/jquery-fileupload/js/jquery.fileupload.js]
[redteamux.com/avant/assets/plugins/jquery-fileupload/js/jquery.fileupload-image.js]
[redteamux.com/avant/assets/plugins/jquery-fileupload/js/jquery.fileupload-audio.js]
[redteamux.com/avant/assets/plugins/jquery-fileupload/js/jquery.fileupload-process.js]
[redteamux.com/avant/calendar.html]
[redteamux.com/avant/assets/plugins/jquery-fileupload/js/jquery.fileupload-validate.js]
[redteamux.com/avant/assets/plugins/jquery-fileupload/js/jquery.fileupload-video.js]
[redteamux.com/avant/assets/plugins/jquery-fileupload/js/jquery.fileupload-ui.js]
[redteamux.com/avant/assets/plugins/jquery-fileupload/js/main.js]
[redteamux.com/avant/assets/plugins/form-xeditable/bootstrap3-editable/img/loading.gif]
[redteamux.com/avant/assets/plugins/form-xeditable/bootstrap3-editable/img/clear.png]
[redteamux.com/avant/icons-fontawesome.html]
[redteamux.com/avant/assets/fonts/glyphicons/css/glyphicons.min.css]
[redteamux.com/avant/assets/plugins/jcrop/css/Jcrop.gif]
[redteamux.com/avant/assets/plugins/charts-chartjs/Chart.min.js]
[redteamux.com/avant/assets/demo/demo-calendar.js]
[redteamux.com/avant/assets/demo/images/ind_machinery.jpg]
[redteamux.com/avant/assets/fonts/glyphicons/font/glyphicons-halflings-regular.eot]
[redteamux.com/avant/assets/demo/images/arch_fireescape.jpg]
[redteamux.com/avant/extras-timeline.html]
[redteamux.com/avant/assets/fonts/glyphicons/font/glyphicons-halflings-regulard41d.eot]
[redteamux.com/avant/assets/fonts/glyphicons/font/glyphicons-halflings-regular.woff]
[redteamux.com/avant/assets/fonts/glyphicons/font/glyphicons-halflings-regular.ttf]
[redteamux.com/avant/extras-inbox.html]
[redteamux.com/avant/extras-chatroom.html]
[redteamux.com/avant/assets/demo/avatar/avatar00_0002_scottwills_cat.png]
[redteamux.com/avant/assets/demo/demo-chatroom.js]
[redteamux.com/avant/assets/img/logo-big.png]
[redteamux.com/avant/extras-forgotpassword.html]
[redteamux.com/avant/extras-404.html]
[redteamux.com/avant/assets/demo/demo-alerts.js]
[redteamux.com/avant/assets/plugins/form-datepicker/js/bootstrap-datepicker.js]
[redteamux.com/avant/assets/plugins/progress-skylo/skylo.css]
[redteamux.com/avant/assets/js/jqueryui.css]
[redteamux.com/avant/assets/plugins/form-nestable/jquery.nestable.min.js]
[redteamux.com/avant/assets/js/images/animated-overlay.gif]
[redteamux.com/avant/assets/js/images/ui-bg_flat_0_ffffff_40x100.png]
[redteamux.com/avant/assets/js/images/ui-bg_flat_0_e6e7e8_40x100.png]
[redteamux.com/avant/assets/plugins/form-nestable/app.min.js]
[redteamux.com/avant/assets/js/images/ui-bg_flat_0_edeef0_40x100.png]
[redteamux.com/avant/assets/js/images/ui-bg_flat_0_f7f8fa_40x100.png]
[redteamux.com/avant/assets/plugins/datatables/jquery.dataTables.min.js]
[redteamux.com/avant/assets/js/images/ui-bg_flat_0_2b6bd9_40x100.png]
[redteamux.com/avant/assets/plugins/datatables/dataTables.editor.js]
[redteamux.com/avant/assets/js/images/ui-bg_glass_95_fef1ec_1x400.png]
[redteamux.com/avant/assets/plugins/form-select2/select2.css]
[redteamux.com/avant/assets/plugins/form-multiselect/css/multi-select.css]
[redteamux.com/avant/assets/js/images/ui-icons_1a1a1a_256x240.png]
[redteamux.com/avant/assets/js/images/ui-icons_ffffff_256x240.png]
[redteamux.com/avant/assets/js/images/ui-bg_flat_0_aaaaaa_40x100.png]
[redteamux.com/avant/assets/js/images/ui-icons_cd0a0a_256x240.png]
[redteamux.com/avant/assets/plugins/jqueryui-timepicker/jquery.ui.timepicker.css]
[redteamux.com/avant/assets/plugins/form-select2/select2.png]
[redteamux.com/avant/assets/plugins/form-fseditor/fseditor.css]
[redteamux.com/avant/assets/plugins/form-select2/select2-spinner.gif]
[redteamux.com/avant/assets/plugins/form-tokenfield/bootstrap-tokenfield.css]
[redteamux.com/avant/assets/plugins/jquery-fileupload/css/jquery.fileupload-ui.css]
[redteamux.com/avant/assets/plugins/dropzone/css/dropzone.css]
[redteamux.com/avant/assets/plugins/form-multiselect/img/switch.png]
[redteamux.com/avant/assets/plugins/form-select2/select2x2.png]
[redteamux.com/avant/assets/plugins/jquery-fileupload/img/progressbar.gif]
[redteamux.com/avant/assets/plugins/jquery-fileupload/img/loading.gif]
[redteamux.com/avant/assets/plugins/dropzone/images/spritemap.png]
[redteamux.com/avant/assets/plugins/dropzone/images/spritemap@2x.png]
[redteamux.com/avant/form-ckeditor.html]
[redteamux.com/avant/maps-google.html]
[redteamux.com/avant/assets/plugins/jqvmap/jqvmap.css]
[redteamux.com/avant/assets/plugins/form-ckeditor/ckeditor.js]
[redteamux.com/avant/assets/plugins/gmaps/gmaps.js]
[redteamux.com/avant/assets/demo/demo-gmaps.js]
[redteamux.com/avant/assets/demo/images/ind_machinery.jpg]
[redteamux.com/avant/assets/demo/demo-chartjs.js]
[redteamux.com/avant/assets/demo/images/arch_fireescape.jpg]
[redteamux.com/avant/assets/img/logo-big.png]
[redteamux.com/avant/extras-signupform.html]
[redteamux.com/avant/assets/plugins/datepaginator/bootstrap-datepaginator.css]
[redteamux.com/avant/assets/plugins/form-datepicker/js/bootstrap-datepicker.js]
[redteamux.com/avant/assets/demo/demo-chartjs.js]
[redteamux.com/avant/assets/fonts/glyphicons/font/glyphicons-halflings-regular.svg]
